Archive member included to satisfy reference by file (symbol)

/Applications/Arduino.app/Contents/Java/hardware/tools/avr/bin/../lib/gcc/avr/7.3.0/avr35/libgcc.a(_mulhi3.o)
                              obj/HIDParser.o (__mulhi3)
/Applications/Arduino.app/Contents/Java/hardware/tools/avr/bin/../lib/gcc/avr/7.3.0/avr35/libgcc.a(_exit.o)
                              /Applications/Arduino.app/Contents/Java/hardware/tools/avr/bin/../lib/gcc/avr/7.3.0/../../../../avr/lib/avr35/crtatmega16u2.o (exit)
/Applications/Arduino.app/Contents/Java/hardware/tools/avr/bin/../lib/gcc/avr/7.3.0/avr35/libgcc.a(_copy_data.o)
                              obj/Joystick.o (__do_copy_data)
/Applications/Arduino.app/Contents/Java/hardware/tools/avr/bin/../lib/gcc/avr/7.3.0/avr35/libgcc.a(_clear_bss.o)
                              obj/Joystick.o (__do_clear_bss)
/Applications/Arduino.app/Contents/Java/hardware/tools/avr/bin/../lib/gcc/avr/7.3.0/../../../../avr/lib/avr35/libatmega16u2.a(eerd_byte.o)
                              obj/EndpointStream_AVR8.o (eeprom_read_byte)
/Applications/Arduino.app/Contents/Java/hardware/tools/avr/bin/../lib/gcc/avr/7.3.0/../../../../avr/lib/avr35/libatmega16u2.a(eeupd_byte.o)
                              obj/EndpointStream_AVR8.o (eeprom_update_byte)

Allocating common symbols
Common symbol       size              file

last_report         0x8               obj/Joystick.o
USB_IsInitialized   0x1               obj/USBTask.o
dataToSend          0x7               obj/Joystick.o
USB_DeviceState     0x1               obj/USBTask.o
USB_Device_ConfigurationNumber
                    0x1               obj/DeviceStandardReq.o
buttonData2         0x1               obj/Joystick.o
USB_Device_CurrentlySelfPowered
                    0x1               obj/DeviceStandardReq.o
buttonData3         0x1               obj/Joystick.o
USB_ControlRequest  0x8               obj/USBTask.o
USB_Device_RemoteWakeupEnabled
                    0x1               obj/DeviceStandardReq.o
buttonData1         0x1               obj/Joystick.o

Discarded input sections

 .data          0x0000000000000000        0x0 /Applications/Arduino.app/Contents/Java/hardware/tools/avr/bin/../lib/gcc/avr/7.3.0/../../../../avr/lib/avr35/crtatmega16u2.o
 .bss           0x0000000000000000        0x0 /Applications/Arduino.app/Contents/Java/hardware/tools/avr/bin/../lib/gcc/avr/7.3.0/../../../../avr/lib/avr35/crtatmega16u2.o
 .text          0x0000000000000000        0x0 obj/Joystick.o
 .text          0x0000000000000000        0x0 obj/Descriptors.o
 .data          0x0000000000000000        0x0 obj/Descriptors.o
 .bss           0x0000000000000000        0x0 obj/Descriptors.o
 .text          0x0000000000000000        0x0 obj/HIDParser.o
 .data          0x0000000000000000        0x0 obj/HIDParser.o
 .bss           0x0000000000000000        0x0 obj/HIDParser.o
 .text.USB_ProcessHIDReport
                0x0000000000000000      0x6e2 obj/HIDParser.o
 .text.USB_GetHIDReportItemInfo
                0x0000000000000000       0xbc obj/HIDParser.o
 .text.USB_SetHIDReportItemInfo
                0x0000000000000000       0xb2 obj/HIDParser.o
 .text.USB_GetHIDReportSize
                0x0000000000000000       0x56 obj/HIDParser.o
 .debug_info    0x0000000000000000      0x728 obj/HIDParser.o
 .debug_abbrev  0x0000000000000000      0x220 obj/HIDParser.o
 .debug_loc     0x0000000000000000      0xb63 obj/HIDParser.o
 .debug_aranges
                0x0000000000000000       0x38 obj/HIDParser.o
 .debug_ranges  0x0000000000000000      0x110 obj/HIDParser.o
 .debug_line    0x0000000000000000      0x5ad obj/HIDParser.o
 .debug_str     0x0000000000000000      0x6e5 obj/HIDParser.o
 .comment       0x0000000000000000       0x12 obj/HIDParser.o
 .debug_frame   0x0000000000000000      0x114 obj/HIDParser.o
 .text          0x0000000000000000        0x0 obj/Device_AVR8.o
 .data          0x0000000000000000        0x0 obj/Device_AVR8.o
 .bss           0x0000000000000000        0x0 obj/Device_AVR8.o
 .text.USB_Device_SendRemoteWakeup
                0x0000000000000000       0x2c obj/Device_AVR8.o
 .debug_info    0x0000000000000000      0x18c obj/Device_AVR8.o
 .debug_abbrev  0x0000000000000000       0xb6 obj/Device_AVR8.o
 .debug_aranges
                0x0000000000000000       0x20 obj/Device_AVR8.o
 .debug_ranges  0x0000000000000000       0x10 obj/Device_AVR8.o
 .debug_line    0x0000000000000000      0x1b7 obj/Device_AVR8.o
 .debug_str     0x0000000000000000      0x2ff obj/Device_AVR8.o
 .comment       0x0000000000000000       0x12 obj/Device_AVR8.o
 .debug_frame   0x0000000000000000       0x24 obj/Device_AVR8.o
 .text          0x0000000000000000        0x0 obj/EndpointStream_AVR8.o
 .data          0x0000000000000000        0x0 obj/EndpointStream_AVR8.o
 .bss           0x0000000000000000        0x0 obj/EndpointStream_AVR8.o
 .text.Endpoint_Discard_Stream
                0x0000000000000000       0x8a obj/EndpointStream_AVR8.o
 .text.Endpoint_Null_Stream
                0x0000000000000000       0x8a obj/EndpointStream_AVR8.o
 .text.Endpoint_Write_Stream_BE
                0x0000000000000000       0xac obj/EndpointStream_AVR8.o
 .text.Endpoint_Read_Stream_BE
                0x0000000000000000       0xac obj/EndpointStream_AVR8.o
 .text.Endpoint_Write_PStream_LE
                0x0000000000000000       0xa4 obj/EndpointStream_AVR8.o
 .text.Endpoint_Write_PStream_BE
                0x0000000000000000       0xae obj/EndpointStream_AVR8.o
 .text.Endpoint_Write_EStream_LE
                0x0000000000000000       0xa6 obj/EndpointStream_AVR8.o
 .text.Endpoint_Write_EStream_BE
                0x0000000000000000       0xb0 obj/EndpointStream_AVR8.o
 .text.Endpoint_Read_EStream_LE
                0x0000000000000000       0xa6 obj/EndpointStream_AVR8.o
 .text.Endpoint_Read_EStream_BE
                0x0000000000000000       0xb0 obj/EndpointStream_AVR8.o
 .text.Endpoint_Write_Control_Stream_BE
                0x0000000000000000       0xc4 obj/EndpointStream_AVR8.o
 .text.Endpoint_Read_Control_Stream_LE
                0x0000000000000000       0x6e obj/EndpointStream_AVR8.o
 .text.Endpoint_Read_Control_Stream_BE
                0x0000000000000000       0x7a obj/EndpointStream_AVR8.o
 .text.Endpoint_Write_Control_PStream_BE
                0x0000000000000000       0xc0 obj/EndpointStream_AVR8.o
 .text.Endpoint_Write_Control_EStream_LE
                0x0000000000000000       0xda obj/EndpointStream_AVR8.o
 .text.Endpoint_Write_Control_EStream_BE
                0x0000000000000000       0xe6 obj/EndpointStream_AVR8.o
 .text.Endpoint_Read_Control_EStream_LE
                0x0000000000000000       0x82 obj/EndpointStream_AVR8.o
 .text.Endpoint_Read_Control_EStream_BE
                0x0000000000000000       0x8a obj/EndpointStream_AVR8.o
 .text          0x0000000000000000        0x0 obj/Endpoint_AVR8.o
 .data          0x0000000000000000        0x0 obj/Endpoint_AVR8.o
 .bss           0x0000000000000000        0x0 obj/Endpoint_AVR8.o
 .text.Endpoint_ConfigureEndpointTable
                0x0000000000000000       0x7a obj/Endpoint_AVR8.o
 .text.Endpoint_ClearEndpoints
                0x0000000000000000       0x28 obj/Endpoint_AVR8.o
 .text          0x0000000000000000        0x0 obj/Host_AVR8.o
 .data          0x0000000000000000        0x0 obj/Host_AVR8.o
 .bss           0x0000000000000000        0x0 obj/Host_AVR8.o
 .debug_info    0x0000000000000000       0x56 obj/Host_AVR8.o
 .debug_abbrev  0x0000000000000000       0x26 obj/Host_AVR8.o
 .debug_aranges
                0x0000000000000000       0x18 obj/Host_AVR8.o
 .debug_line    0x0000000000000000       0x1a obj/Host_AVR8.o
 .debug_str     0x0000000000000000      0x1c9 obj/Host_AVR8.o
 .comment       0x0000000000000000       0x12 obj/Host_AVR8.o
 .text          0x0000000000000000        0x0 obj/PipeStream_AVR8.o
 .data          0x0000000000000000        0x0 obj/PipeStream_AVR8.o
 .bss           0x0000000000000000        0x0 obj/PipeStream_AVR8.o
 .debug_info    0x0000000000000000       0x56 obj/PipeStream_AVR8.o
 .debug_abbrev  0x0000000000000000       0x26 obj/PipeStream_AVR8.o
 .debug_aranges
                0x0000000000000000       0x18 obj/PipeStream_AVR8.o
 .debug_line    0x0000000000000000       0x1a obj/PipeStream_AVR8.o
 .debug_str     0x0000000000000000      0x1cf obj/PipeStream_AVR8.o
 .comment       0x0000000000000000       0x12 obj/PipeStream_AVR8.o
 .text          0x0000000000000000        0x0 obj/Pipe_AVR8.o
 .data          0x0000000000000000        0x0 obj/Pipe_AVR8.o
 .bss           0x0000000000000000        0x0 obj/Pipe_AVR8.o
 .debug_info    0x0000000000000000       0x56 obj/Pipe_AVR8.o
 .debug_abbrev  0x0000000000000000       0x26 obj/Pipe_AVR8.o
 .debug_aranges
                0x0000000000000000       0x18 obj/Pipe_AVR8.o
 .debug_line    0x0000000000000000       0x1a obj/Pipe_AVR8.o
 .debug_str     0x0000000000000000      0x1c9 obj/Pipe_AVR8.o
 .comment       0x0000000000000000       0x12 obj/Pipe_AVR8.o
 .text          0x0000000000000000        0x0 obj/USBController_AVR8.o
 .data          0x0000000000000000        0x0 obj/USBController_AVR8.o
 .bss           0x0000000000000000        0x0 obj/USBController_AVR8.o
 .text.USB_Disable
                0x0000000000000000       0x2e obj/USBController_AVR8.o
 .text          0x0000000000000000        0x0 obj/USBInterrupt_AVR8.o
 .data          0x0000000000000000        0x0 obj/USBInterrupt_AVR8.o
 .bss           0x0000000000000000        0x0 obj/USBInterrupt_AVR8.o
 .text          0x0000000000000000        0x0 obj/ConfigDescriptors.o
 .data          0x0000000000000000        0x0 obj/ConfigDescriptors.o
 .bss           0x0000000000000000        0x0 obj/ConfigDescriptors.o
 .text.USB_GetNextDescriptor
                0x0000000000000000       0x3c obj/ConfigDescriptors.o
 .text.USB_GetNextDescriptorOfType
                0x0000000000000000       0x38 obj/ConfigDescriptors.o
 .text.USB_GetNextDescriptorOfTypeBefore
                0x0000000000000000       0x46 obj/ConfigDescriptors.o
 .text.USB_GetNextDescriptorOfTypeAfter
                0x0000000000000000       0x3e obj/ConfigDescriptors.o
 .text.USB_GetNextDescriptorComp
                0x0000000000000000       0x66 obj/ConfigDescriptors.o
 .debug_info    0x0000000000000000      0x492 obj/ConfigDescriptors.o
 .debug_abbrev  0x0000000000000000      0x1b9 obj/ConfigDescriptors.o
 .debug_loc     0x0000000000000000      0x59f obj/ConfigDescriptors.o
 .debug_aranges
                0x0000000000000000       0x40 obj/ConfigDescriptors.o
 .debug_ranges  0x0000000000000000       0x30 obj/ConfigDescriptors.o
 .debug_line    0x0000000000000000      0x255 obj/ConfigDescriptors.o
 .debug_str     0x0000000000000000      0x501 obj/ConfigDescriptors.o
 .comment       0x0000000000000000       0x12 obj/ConfigDescriptors.o
 .debug_frame   0x0000000000000000       0xfc obj/ConfigDescriptors.o
 .text          0x0000000000000000        0x0 obj/DeviceStandardReq.o
 .data          0x0000000000000000        0x0 obj/DeviceStandardReq.o
 .bss           0x0000000000000000        0x0 obj/DeviceStandardReq.o
 .text          0x0000000000000000        0x0 obj/Events.o
 .data          0x0000000000000000        0x0 obj/Events.o
 .bss           0x0000000000000000        0x0 obj/Events.o
 .text          0x0000000000000000        0x0 obj/HostStandardReq.o
 .data          0x0000000000000000        0x0 obj/HostStandardReq.o
 .bss           0x0000000000000000        0x0 obj/HostStandardReq.o
 .debug_info    0x0000000000000000       0x56 obj/HostStandardReq.o
 .debug_abbrev  0x0000000000000000       0x26 obj/HostStandardReq.o
 .debug_aranges
                0x0000000000000000       0x18 obj/HostStandardReq.o
 .debug_line    0x0000000000000000       0x1a obj/HostStandardReq.o
 .debug_str     0x0000000000000000      0x1ca obj/HostStandardReq.o
 .comment       0x0000000000000000       0x12 obj/HostStandardReq.o
 .text          0x0000000000000000        0x0 obj/USBTask.o
 .data          0x0000000000000000        0x0 obj/USBTask.o
 .bss           0x0000000000000000        0x0 obj/USBTask.o
 .text          0x0000000000000000        0x0 /Applications/Arduino.app/Contents/Java/hardware/tools/avr/bin/../lib/gcc/avr/7.3.0/avr35/libgcc.a(_mulhi3.o)
 .data          0x0000000000000000        0x0 /Applications/Arduino.app/Contents/Java/hardware/tools/avr/bin/../lib/gcc/avr/7.3.0/avr35/libgcc.a(_mulhi3.o)
 .bss           0x0000000000000000        0x0 /Applications/Arduino.app/Contents/Java/hardware/tools/avr/bin/../lib/gcc/avr/7.3.0/avr35/libgcc.a(_mulhi3.o)
 .text.libgcc.mul
                0x0000000000000000       0x22 /Applications/Arduino.app/Contents/Java/hardware/tools/avr/bin/../lib/gcc/avr/7.3.0/avr35/libgcc.a(_mulhi3.o)
 .text.libgcc.div
                0x0000000000000000        0x0 /Applications/Arduino.app/Contents/Java/hardware/tools/avr/bin/../lib/gcc/avr/7.3.0/avr35/libgcc.a(_mulhi3.o)
 .text.libgcc   0x0000000000000000        0x0 /Applications/Arduino.app/Contents/Java/hardware/tools/avr/bin/../lib/gcc/avr/7.3.0/avr35/libgcc.a(_mulhi3.o)
 .text.libgcc.prologue
                0x0000000000000000        0x0 /Applications/Arduino.app/Contents/Java/hardware/tools/avr/bin/../lib/gcc/avr/7.3.0/avr35/libgcc.a(_mulhi3.o)
 .text.libgcc.builtins
                0x0000000000000000        0x0 /Applications/Arduino.app/Contents/Java/hardware/tools/avr/bin/../lib/gcc/avr/7.3.0/avr35/libgcc.a(_mulhi3.o)
 .text.libgcc.fmul
                0x0000000000000000        0x0 /Applications/Arduino.app/Contents/Java/hardware/tools/avr/bin/../lib/gcc/avr/7.3.0/avr35/libgcc.a(_mulhi3.o)
 .text.libgcc.fixed
                0x0000000000000000        0x0 /Applications/Arduino.app/Contents/Java/hardware/tools/avr/bin/../lib/gcc/avr/7.3.0/avr35/libgcc.a(_mulhi3.o)
 .debug_line    0x0000000000000000       0xbc /Applications/Arduino.app/Contents/Java/hardware/tools/avr/bin/../lib/gcc/avr/7.3.0/avr35/libgcc.a(_mulhi3.o)
 .debug_info    0x0000000000000000       0xaf /Applications/Arduino.app/Contents/Java/hardware/tools/avr/bin/../lib/gcc/avr/7.3.0/avr35/libgcc.a(_mulhi3.o)
 .debug_abbrev  0x0000000000000000       0x14 /Applications/Arduino.app/Contents/Java/hardware/tools/avr/bin/../lib/gcc/avr/7.3.0/avr35/libgcc.a(_mulhi3.o)
 .debug_aranges
                0x0000000000000000       0x20 /Applications/Arduino.app/Contents/Java/hardware/tools/avr/bin/../lib/gcc/avr/7.3.0/avr35/libgcc.a(_mulhi3.o)
 .text          0x0000000000000000        0x0 /Applications/Arduino.app/Contents/Java/hardware/tools/avr/bin/../lib/gcc/avr/7.3.0/avr35/libgcc.a(_exit.o)
 .data          0x0000000000000000        0x0 /Applications/Arduino.app/Contents/Java/hardware/tools/avr/bin/../lib/gcc/avr/7.3.0/avr35/libgcc.a(_exit.o)
 .bss           0x0000000000000000        0x0 /Applications/Arduino.app/Contents/Java/hardware/tools/avr/bin/../lib/gcc/avr/7.3.0/avr35/libgcc.a(_exit.o)
 .text.libgcc.mul
                0x0000000000000000        0x0 /Applications/Arduino.app/Contents/Java/hardware/tools/avr/bin/../lib/gcc/avr/7.3.0/avr35/libgcc.a(_exit.o)
 .text.libgcc.div
                0x0000000000000000        0x0 /Applications/Arduino.app/Contents/Java/hardware/tools/avr/bin/../lib/gcc/avr/7.3.0/avr35/libgcc.a(_exit.o)
 .text.libgcc   0x0000000000000000        0x0 /Applications/Arduino.app/Contents/Java/hardware/tools/avr/bin/../lib/gcc/avr/7.3.0/avr35/libgcc.a(_exit.o)
 .text.libgcc.prologue
                0x0000000000000000        0x0 /Applications/Arduino.app/Contents/Java/hardware/tools/avr/bin/../lib/gcc/avr/7.3.0/avr35/libgcc.a(_exit.o)
 .text.libgcc.builtins
                0x0000000000000000        0x0 /Applications/Arduino.app/Contents/Java/hardware/tools/avr/bin/../lib/gcc/avr/7.3.0/avr35/libgcc.a(_exit.o)
 .text.libgcc.fmul
                0x0000000000000000        0x0 /Applications/Arduino.app/Contents/Java/hardware/tools/avr/bin/../lib/gcc/avr/7.3.0/avr35/libgcc.a(_exit.o)
 .text.libgcc.fixed
                0x0000000000000000        0x0 /Applications/Arduino.app/Contents/Java/hardware/tools/avr/bin/../lib/gcc/avr/7.3.0/avr35/libgcc.a(_exit.o)
 .text          0x0000000000000000        0x0 /Applications/Arduino.app/Contents/Java/hardware/tools/avr/bin/../lib/gcc/avr/7.3.0/avr35/libgcc.a(_copy_data.o)
 .data          0x0000000000000000        0x0 /Applications/Arduino.app/Contents/Java/hardware/tools/avr/bin/../lib/gcc/avr/7.3.0/avr35/libgcc.a(_copy_data.o)
 .bss           0x0000000000000000        0x0 /Applications/Arduino.app/Contents/Java/hardware/tools/avr/bin/../lib/gcc/avr/7.3.0/avr35/libgcc.a(_copy_data.o)
 .text.libgcc.mul
                0x0000000000000000        0x0 /Applications/Arduino.app/Contents/Java/hardware/tools/avr/bin/../lib/gcc/avr/7.3.0/avr35/libgcc.a(_copy_data.o)
 .text.libgcc.div
                0x0000000000000000        0x0 /Applications/Arduino.app/Contents/Java/hardware/tools/avr/bin/../lib/gcc/avr/7.3.0/avr35/libgcc.a(_copy_data.o)
 .text.libgcc   0x0000000000000000        0x0 /Applications/Arduino.app/Contents/Java/hardware/tools/avr/bin/../lib/gcc/avr/7.3.0/avr35/libgcc.a(_copy_data.o)
 .text.libgcc.prologue
                0x0000000000000000        0x0 /Applications/Arduino.app/Contents/Java/hardware/tools/avr/bin/../lib/gcc/avr/7.3.0/avr35/libgcc.a(_copy_data.o)
 .text.libgcc.builtins
                0x0000000000000000        0x0 /Applications/Arduino.app/Contents/Java/hardware/tools/avr/bin/../lib/gcc/avr/7.3.0/avr35/libgcc.a(_copy_data.o)
 .text.libgcc.fmul
                0x0000000000000000        0x0 /Applications/Arduino.app/Contents/Java/hardware/tools/avr/bin/../lib/gcc/avr/7.3.0/avr35/libgcc.a(_copy_data.o)
 .text.libgcc.fixed
                0x0000000000000000        0x0 /Applications/Arduino.app/Contents/Java/hardware/tools/avr/bin/../lib/gcc/avr/7.3.0/avr35/libgcc.a(_copy_data.o)
 .text          0x0000000000000000        0x0 /Applications/Arduino.app/Contents/Java/hardware/tools/avr/bin/../lib/gcc/avr/7.3.0/avr35/libgcc.a(_clear_bss.o)
 .data          0x0000000000000000        0x0 /Applications/Arduino.app/Contents/Java/hardware/tools/avr/bin/../lib/gcc/avr/7.3.0/avr35/libgcc.a(_clear_bss.o)
 .bss           0x0000000000000000        0x0 /Applications/Arduino.app/Contents/Java/hardware/tools/avr/bin/../lib/gcc/avr/7.3.0/avr35/libgcc.a(_clear_bss.o)
 .text.libgcc.mul
                0x0000000000000000        0x0 /Applications/Arduino.app/Contents/Java/hardware/tools/avr/bin/../lib/gcc/avr/7.3.0/avr35/libgcc.a(_clear_bss.o)
 .text.libgcc.div
                0x0000000000000000        0x0 /Applications/Arduino.app/Contents/Java/hardware/tools/avr/bin/../lib/gcc/avr/7.3.0/avr35/libgcc.a(_clear_bss.o)
 .text.libgcc   0x0000000000000000        0x0 /Applications/Arduino.app/Contents/Java/hardware/tools/avr/bin/../lib/gcc/avr/7.3.0/avr35/libgcc.a(_clear_bss.o)
 .text.libgcc.prologue
                0x0000000000000000        0x0 /Applications/Arduino.app/Contents/Java/hardware/tools/avr/bin/../lib/gcc/avr/7.3.0/avr35/libgcc.a(_clear_bss.o)
 .text.libgcc.builtins
                0x0000000000000000        0x0 /Applications/Arduino.app/Contents/Java/hardware/tools/avr/bin/../lib/gcc/avr/7.3.0/avr35/libgcc.a(_clear_bss.o)
 .text.libgcc.fmul
                0x0000000000000000        0x0 /Applications/Arduino.app/Contents/Java/hardware/tools/avr/bin/../lib/gcc/avr/7.3.0/avr35/libgcc.a(_clear_bss.o)
 .text.libgcc.fixed
                0x0000000000000000        0x0 /Applications/Arduino.app/Contents/Java/hardware/tools/avr/bin/../lib/gcc/avr/7.3.0/avr35/libgcc.a(_clear_bss.o)
 .text          0x0000000000000000        0x0 /Applications/Arduino.app/Contents/Java/hardware/tools/avr/bin/../lib/gcc/avr/7.3.0/../../../../avr/lib/avr35/libatmega16u2.a(eerd_byte.o)
 .data          0x0000000000000000        0x0 /Applications/Arduino.app/Contents/Java/hardware/tools/avr/bin/../lib/gcc/avr/7.3.0/../../../../avr/lib/avr35/libatmega16u2.a(eerd_byte.o)
 .bss           0x0000000000000000        0x0 /Applications/Arduino.app/Contents/Java/hardware/tools/avr/bin/../lib/gcc/avr/7.3.0/../../../../avr/lib/avr35/libatmega16u2.a(eerd_byte.o)
 .text.avr-libc
                0x0000000000000000       0x10 /Applications/Arduino.app/Contents/Java/hardware/tools/avr/bin/../lib/gcc/avr/7.3.0/../../../../avr/lib/avr35/libatmega16u2.a(eerd_byte.o)
 .text          0x0000000000000000        0x0 /Applications/Arduino.app/Contents/Java/hardware/tools/avr/bin/../lib/gcc/avr/7.3.0/../../../../avr/lib/avr35/libatmega16u2.a(eeupd_byte.o)
 .data          0x0000000000000000        0x0 /Applications/Arduino.app/Contents/Java/hardware/tools/avr/bin/../lib/gcc/avr/7.3.0/../../../../avr/lib/avr35/libatmega16u2.a(eeupd_byte.o)
 .bss           0x0000000000000000        0x0 /Applications/Arduino.app/Contents/Java/hardware/tools/avr/bin/../lib/gcc/avr/7.3.0/../../../../avr/lib/avr35/libatmega16u2.a(eeupd_byte.o)
 .text.avr-libc
                0x0000000000000000       0x24 /Applications/Arduino.app/Contents/Java/hardware/tools/avr/bin/../lib/gcc/avr/7.3.0/../../../../avr/lib/avr35/libatmega16u2.a(eeupd_byte.o)

Memory Configuration

Name             Origin             Length             Attributes
text             0x0000000000000000 0x0000000000010000 xr
data             0x0000000000800060 0x000000000000ffa0 rw !x
eeprom           0x0000000000810000 0x0000000000010000 rw !x
fuse             0x0000000000820000 0x0000000000000003 rw !x
lock             0x0000000000830000 0x0000000000000400 rw !x
signature        0x0000000000840000 0x0000000000000400 rw !x
user_signatures  0x0000000000850000 0x0000000000000400 rw !x
*default*        0x0000000000000000 0xffffffffffffffff

Linker script and memory map

Address of section .data set to 0x800100
LOAD /Applications/Arduino.app/Contents/Java/hardware/tools/avr/bin/../lib/gcc/avr/7.3.0/../../../../avr/lib/avr35/crtatmega16u2.o
LOAD obj/Joystick.o
LOAD obj/Descriptors.o
LOAD obj/HIDParser.o
LOAD obj/Device_AVR8.o
LOAD obj/EndpointStream_AVR8.o
LOAD obj/Endpoint_AVR8.o
LOAD obj/Host_AVR8.o
LOAD obj/PipeStream_AVR8.o
LOAD obj/Pipe_AVR8.o
LOAD obj/USBController_AVR8.o
LOAD obj/USBInterrupt_AVR8.o
LOAD obj/ConfigDescriptors.o
LOAD obj/DeviceStandardReq.o
LOAD obj/Events.o
LOAD obj/HostStandardReq.o
LOAD obj/USBTask.o
LOAD /Applications/Arduino.app/Contents/Java/hardware/tools/avr/bin/../lib/gcc/avr/7.3.0/../../../../avr/lib/avr35/libm.a
START GROUP
LOAD /Applications/Arduino.app/Contents/Java/hardware/tools/avr/bin/../lib/gcc/avr/7.3.0/avr35/libgcc.a
LOAD /Applications/Arduino.app/Contents/Java/hardware/tools/avr/bin/../lib/gcc/avr/7.3.0/../../../../avr/lib/avr35/libm.a
LOAD /Applications/Arduino.app/Contents/Java/hardware/tools/avr/bin/../lib/gcc/avr/7.3.0/../../../../avr/lib/avr35/libc.a
LOAD /Applications/Arduino.app/Contents/Java/hardware/tools/avr/bin/../lib/gcc/avr/7.3.0/../../../../avr/lib/avr35/libatmega16u2.a
END GROUP
                0x0000000000010000                __TEXT_REGION_LENGTH__ = DEFINED (__TEXT_REGION_LENGTH__)?__TEXT_REGION_LENGTH__:0x10000
                0x000000000000ffa0                __DATA_REGION_LENGTH__ = DEFINED (__DATA_REGION_LENGTH__)?__DATA_REGION_LENGTH__:0xffa0
                0x0000000000010000                __EEPROM_REGION_LENGTH__ = DEFINED (__EEPROM_REGION_LENGTH__)?__EEPROM_REGION_LENGTH__:0x10000
                [0x0000000000000003]                __FUSE_REGION_LENGTH__ = DEFINED (__FUSE_REGION_LENGTH__)?__FUSE_REGION_LENGTH__:0x400
                0x0000000000000400                __LOCK_REGION_LENGTH__ = DEFINED (__LOCK_REGION_LENGTH__)?__LOCK_REGION_LENGTH__:0x400
                0x0000000000000400                __SIGNATURE_REGION_LENGTH__ = DEFINED (__SIGNATURE_REGION_LENGTH__)?__SIGNATURE_REGION_LENGTH__:0x400
                0x0000000000000400                __USER_SIGNATURE_REGION_LENGTH__ = DEFINED (__USER_SIGNATURE_REGION_LENGTH__)?__USER_SIGNATURE_REGION_LENGTH__:0x400
                0x0000000000800060                __DATA_REGION_ORIGIN__ = DEFINED (__DATA_REGION_ORIGIN__)?__DATA_REGION_ORIGIN__:0x800060

.hash
 *(.hash)

.dynsym
 *(.dynsym)

.dynstr
 *(.dynstr)

.gnu.version
 *(.gnu.version)

.gnu.version_d
 *(.gnu.version_d)

.gnu.version_r
 *(.gnu.version_r)

.rel.init
 *(.rel.init)

.rela.init
 *(.rela.init)

.rel.text
 *(.rel.text)
 *(.rel.text.*)
 *(.rel.gnu.linkonce.t*)

.rela.text
 *(.rela.text)
 *(.rela.text.*)
 *(.rela.gnu.linkonce.t*)

.rel.fini
 *(.rel.fini)

.rela.fini
 *(.rela.fini)

.rel.rodata
 *(.rel.rodata)
 *(.rel.rodata.*)
 *(.rel.gnu.linkonce.r*)

.rela.rodata
 *(.rela.rodata)
 *(.rela.rodata.*)
 *(.rela.gnu.linkonce.r*)

.rel.data
 *(.rel.data)
 *(.rel.data.*)
 *(.rel.gnu.linkonce.d*)

.rela.data
 *(.rela.data)
 *(.rela.data.*)
 *(.rela.gnu.linkonce.d*)

.rel.ctors
 *(.rel.ctors)

.rela.ctors
 *(.rela.ctors)

.rel.dtors
 *(.rel.dtors)

.rela.dtors
 *(.rela.dtors)

.rel.got
 *(.rel.got)

.rela.got
 *(.rela.got)

.rel.bss
 *(.rel.bss)

.rela.bss
 *(.rela.bss)

.rel.plt
 *(.rel.plt)

.rela.plt
 *(.rela.plt)

.text           0x0000000000000000     0x1070
 *(.vectors)
 .vectors       0x0000000000000000       0x74 /Applications/Arduino.app/Contents/Java/hardware/tools/avr/bin/../lib/gcc/avr/7.3.0/../../../../avr/lib/avr35/crtatmega16u2.o
                0x0000000000000000                __vectors
                0x0000000000000000                __vector_default
 *(.vectors)
 *(.progmem.gcc*)
                0x0000000000000074                . = ALIGN (0x2)
                0x0000000000000074                __trampolines_start = .
 *(.trampolines)
 .trampolines   0x0000000000000074        0x0 linker stubs
 *(.trampolines*)
                0x0000000000000074                __trampolines_end = .
 *libprintf_flt.a:*(.progmem.data)
 *libc.a:*(.progmem.data)
 *(.progmem*)
 .progmem.data  0x0000000000000074       0xe3 obj/Descriptors.o
                0x0000000000000074                ProductString
                0x00000000000000a4                ManufacturerString
                0x00000000000000c2                LanguageString
                0x00000000000000c6                ConfigurationDescriptor
                0x00000000000000ef                DeviceDescriptor
                0x0000000000000101                JoystickReport
                0x0000000000000158                . = ALIGN (0x2)
 *fill*         0x0000000000000157        0x1 
 *(.jumptables)
 *(.jumptables*)
 *(.lowtext)
 *(.lowtext*)
                0x0000000000000158                __ctors_start = .
 *(.ctors)
                0x0000000000000158                __ctors_end = .
                0x0000000000000158                __dtors_start = .
 *(.dtors)
                0x0000000000000158                __dtors_end = .
 SORT(*)(.ctors)
 SORT(*)(.dtors)
 *(.init0)
 .init0         0x0000000000000158        0x0 /Applications/Arduino.app/Contents/Java/hardware/tools/avr/bin/../lib/gcc/avr/7.3.0/../../../../avr/lib/avr35/crtatmega16u2.o
                0x0000000000000158                __init
 *(.init0)
 *(.init1)
 *(.init1)
 *(.init2)
 .init2         0x0000000000000158        0xc /Applications/Arduino.app/Contents/Java/hardware/tools/avr/bin/../lib/gcc/avr/7.3.0/../../../../avr/lib/avr35/crtatmega16u2.o
 *(.init2)
 *(.init3)
 *(.init3)
 *(.init4)
 .init4         0x0000000000000164       0x16 /Applications/Arduino.app/Contents/Java/hardware/tools/avr/bin/../lib/gcc/avr/7.3.0/avr35/libgcc.a(_copy_data.o)
                0x0000000000000164                __do_copy_data
 .init4         0x000000000000017a       0x10 /Applications/Arduino.app/Contents/Java/hardware/tools/avr/bin/../lib/gcc/avr/7.3.0/avr35/libgcc.a(_clear_bss.o)
                0x000000000000017a                __do_clear_bss
 *(.init4)
 *(.init5)
 *(.init5)
 *(.init6)
 *(.init6)
 *(.init7)
 *(.init7)
 *(.init8)
 *(.init8)
 *(.init9)
 .init9         0x000000000000018a        0x4 /Applications/Arduino.app/Contents/Java/hardware/tools/avr/bin/../lib/gcc/avr/7.3.0/../../../../avr/lib/avr35/crtatmega16u2.o
 *(.init9)
 *(.text)
 .text          0x000000000000018e        0x2 /Applications/Arduino.app/Contents/Java/hardware/tools/avr/bin/../lib/gcc/avr/7.3.0/../../../../avr/lib/avr35/crtatmega16u2.o
                0x000000000000018e                __vector_20
                0x000000000000018e                __vector_28
                0x000000000000018e                __vector_1
                0x000000000000018e                __vector_24
                0x000000000000018e                __vector_12
                0x000000000000018e                __bad_interrupt
                0x000000000000018e                __vector_6
                0x000000000000018e                __vector_3
                0x000000000000018e                __vector_23
                0x000000000000018e                __vector_25
                0x000000000000018e                __vector_13
                0x000000000000018e                __vector_17
                0x000000000000018e                __vector_19
                0x000000000000018e                __vector_7
                0x000000000000018e                __vector_27
                0x000000000000018e                __vector_5
                0x000000000000018e                __vector_4
                0x000000000000018e                __vector_9
                0x000000000000018e                __vector_2
                0x000000000000018e                __vector_21
                0x000000000000018e                __vector_15
                0x000000000000018e                __vector_8
                0x000000000000018e                __vector_26
                0x000000000000018e                __vector_14
                0x000000000000018e                __vector_10
                0x000000000000018e                __vector_16
                0x000000000000018e                __vector_18
                0x000000000000018e                __vector_22
                0x0000000000000190                . = ALIGN (0x2)
 *(.text.*)
 .text.USART_Init
                0x0000000000000190       0x16 obj/Joystick.o
                0x0000000000000190                USART_Init
 .text.SetupHardware
                0x00000000000001a6       0x30 obj/Joystick.o
                0x00000000000001a6                SetupHardware
 .text.EVENT_USB_Device_Connect
                0x00000000000001d6        0x2 obj/Joystick.o
                0x00000000000001d6                EVENT_USB_Device_Connect
 .text.EVENT_USB_Device_Disconnect
                0x00000000000001d8        0x2 obj/Joystick.o
                0x00000000000001d8                EVENT_USB_Device_Disconnect
 .text.EVENT_USB_Device_ConfigurationChanged
                0x00000000000001da       0x10 obj/Joystick.o
                0x00000000000001da                EVENT_USB_Device_ConfigurationChanged
 .text.EVENT_USB_Device_ControlRequest
                0x00000000000001ea        0x2 obj/Joystick.o
                0x00000000000001ea                EVENT_USB_Device_ControlRequest
 .text.serialRead
                0x00000000000001ec       0x22 obj/Joystick.o
                0x00000000000001ec                serialRead
 .text.serialWrite
                0x000000000000020e        0xe obj/Joystick.o
                0x000000000000020e                serialWrite
 .text.flushSerialRead
                0x000000000000021c        0xe obj/Joystick.o
                0x000000000000021c                flushSerialRead
 .text.LEDon    0x000000000000022a       0x22 obj/Joystick.o
                0x000000000000022a                LEDon
 .text.LEDoff   0x000000000000024c       0x24 obj/Joystick.o
                0x000000000000024c                LEDoff
 .text.GenerateReport
                0x0000000000000270      0x29e obj/Joystick.o
                0x0000000000000270                GenerateReport
 .text.My_HID_Task
                0x000000000000050e      0x1e6 obj/Joystick.o
                0x000000000000050e                My_HID_Task
 .text.startup.main
                0x00000000000006f4       0x82 obj/Joystick.o
                0x00000000000006f4                main
 .text.CALLBACK_USB_GetDescriptor
                0x0000000000000776       0x82 obj/Descriptors.o
                0x0000000000000776                CALLBACK_USB_GetDescriptor
 .text.Endpoint_Write_Stream_LE
                0x00000000000007f8       0x9c obj/EndpointStream_AVR8.o
                0x00000000000007f8                Endpoint_Write_Stream_LE
 .text.Endpoint_Read_Stream_LE
                0x0000000000000894       0x9c obj/EndpointStream_AVR8.o
                0x0000000000000894                Endpoint_Read_Stream_LE
 .text.Endpoint_Write_Control_Stream_LE
                0x0000000000000930       0xb8 obj/EndpointStream_AVR8.o
                0x0000000000000930                Endpoint_Write_Control_Stream_LE
 .text.Endpoint_Write_Control_PStream_LE
                0x00000000000009e8       0xba obj/EndpointStream_AVR8.o
                0x00000000000009e8                Endpoint_Write_Control_PStream_LE
 .text.Endpoint_ConfigureEndpoint_Prv
                0x0000000000000aa2       0x68 obj/Endpoint_AVR8.o
                0x0000000000000aa2                Endpoint_ConfigureEndpoint_Prv
 .text.Endpoint_ClearStatusStage
                0x0000000000000b0a       0x3e obj/Endpoint_AVR8.o
                0x0000000000000b0a                Endpoint_ClearStatusStage
 .text.Endpoint_WaitUntilReady
                0x0000000000000b48       0x5e obj/Endpoint_AVR8.o
                0x0000000000000b48                Endpoint_WaitUntilReady
 .text.USB_ResetInterface
                0x0000000000000ba6       0x72 obj/USBController_AVR8.o
                0x0000000000000ba6                USB_ResetInterface
 .text.USB_Init
                0x0000000000000c18       0x12 obj/USBController_AVR8.o
                0x0000000000000c18                USB_Init
 .text.USB_INT_DisableAllInterrupts
                0x0000000000000c2a        0x6 obj/USBInterrupt_AVR8.o
                0x0000000000000c2a                USB_INT_DisableAllInterrupts
 .text.USB_INT_ClearAllInterrupts
                0x0000000000000c30        0x6 obj/USBInterrupt_AVR8.o
                0x0000000000000c30                USB_INT_ClearAllInterrupts
 .text.__vector_11
                0x0000000000000c36      0x148 obj/USBInterrupt_AVR8.o
                0x0000000000000c36                __vector_11
 .text.USB_Device_ProcessControlRequest
                0x0000000000000d7e      0x2b6 obj/DeviceStandardReq.o
                0x0000000000000d7e                USB_Device_ProcessControlRequest
 .text.USB_Event_Stub
                0x0000000000001034        0x2 obj/Events.o
                0x0000000000001034                EVENT_USB_Device_WakeUp
                0x0000000000001034                USB_Event_Stub
                0x0000000000001034                EVENT_USB_Device_Suspend
                0x0000000000001034                EVENT_USB_Device_StartOfFrame
                0x0000000000001034                EVENT_USB_Device_Reset
 .text.USB_USBTask
                0x0000000000001036       0x36 obj/USBTask.o
                0x0000000000001036                USB_USBTask
                0x000000000000106c                . = ALIGN (0x2)
 *(.fini9)
 .fini9         0x000000000000106c        0x0 /Applications/Arduino.app/Contents/Java/hardware/tools/avr/bin/../lib/gcc/avr/7.3.0/avr35/libgcc.a(_exit.o)
                0x000000000000106c                exit
                0x000000000000106c                _exit
 *(.fini9)
 *(.fini8)
 *(.fini8)
 *(.fini7)
 *(.fini7)
 *(.fini6)
 *(.fini6)
 *(.fini5)
 *(.fini5)
 *(.fini4)
 *(.fini4)
 *(.fini3)
 *(.fini3)
 *(.fini2)
 *(.fini2)
 *(.fini1)
 *(.fini1)
 *(.fini0)
 .fini0         0x000000000000106c        0x4 /Applications/Arduino.app/Contents/Java/hardware/tools/avr/bin/../lib/gcc/avr/7.3.0/avr35/libgcc.a(_exit.o)
 *(.fini0)
                0x0000000000001070                _etext = .

.data           0x0000000000800100        0x2 load address 0x0000000000001070
                0x0000000000800100                PROVIDE (__data_start, .)
 *(.data)
 .data          0x0000000000800100        0x1 obj/Joystick.o
                0x0000000000800100                state
 *(.data*)
 *(.gnu.linkonce.d*)
 *(.rodata)
 *(.rodata*)
 *(.gnu.linkonce.r*)
                0x0000000000800102                . = ALIGN (0x2)
 *fill*         0x0000000000800101        0x1 
                0x0000000000800102                _edata = .
                0x0000000000800102                PROVIDE (__data_end, .)

.bss            0x0000000000800102       0x2a
                0x0000000000800102                PROVIDE (__bss_start, .)
 *(.bss)
 .bss           0x0000000000800102        0xb obj/Joystick.o
                0x0000000000800102                portsval
                0x0000000000800104                ypos
                0x0000000000800106                xpos
                0x0000000000800108                report_count
                0x000000000080010a                echoes
                0x000000000080010c                BControl
 *(.bss*)
 *(COMMON)
 COMMON         0x000000000080010d       0x12 obj/Joystick.o
                0x000000000080010d                last_report
                0x0000000000800115                dataToSend
                0x000000000080011c                buttonData2
                0x000000000080011d                buttonData3
                0x000000000080011e                buttonData1
 COMMON         0x000000000080011f        0x3 obj/DeviceStandardReq.o
                0x000000000080011f                USB_Device_ConfigurationNumber
                0x0000000000800120                USB_Device_CurrentlySelfPowered
                0x0000000000800121                USB_Device_RemoteWakeupEnabled
 COMMON         0x0000000000800122        0xa obj/USBTask.o
                0x0000000000800122                USB_IsInitialized
                0x0000000000800123                USB_DeviceState
                0x0000000000800124                USB_ControlRequest
                0x000000000080012c                PROVIDE (__bss_end, .)
                0x0000000000001070                __data_load_start = LOADADDR (.data)
                0x0000000000001072                __data_load_end = (__data_load_start + SIZEOF (.data))

.noinit         0x000000000080012c        0x0
                [!provide]                        PROVIDE (__noinit_start, .)
 *(.noinit*)
                [!provide]                        PROVIDE (__noinit_end, .)
                0x000000000080012c                _end = .
                [!provide]                        PROVIDE (__heap_start, .)

.eeprom         0x0000000000810000        0x0
 *(.eeprom*)
                0x0000000000810000                __eeprom_end = .

.fuse
 *(.fuse)
 *(.lfuse)
 *(.hfuse)
 *(.efuse)

.lock
 *(.lock*)

.signature
 *(.signature*)

.user_signatures
 *(.user_signatures*)

.stab
 *(.stab)

.stabstr
 *(.stabstr)

.stab.excl
 *(.stab.excl)

.stab.exclstr
 *(.stab.exclstr)

.stab.index
 *(.stab.index)

.stab.indexstr
 *(.stab.indexstr)

.comment        0x0000000000000000       0x11
 *(.comment)
 .comment       0x0000000000000000       0x11 obj/Joystick.o
                                         0x12 (size before relaxing)
 .comment       0x0000000000000011       0x12 obj/Descriptors.o
 .comment       0x0000000000000011       0x12 obj/EndpointStream_AVR8.o
 .comment       0x0000000000000011       0x12 obj/Endpoint_AVR8.o
 .comment       0x0000000000000011       0x12 obj/USBController_AVR8.o
 .comment       0x0000000000000011       0x12 obj/USBInterrupt_AVR8.o
 .comment       0x0000000000000011       0x12 obj/DeviceStandardReq.o
 .comment       0x0000000000000011       0x12 obj/Events.o
 .comment       0x0000000000000011       0x12 obj/USBTask.o

.note.gnu.avr.deviceinfo
                0x0000000000000000       0x40
 .note.gnu.avr.deviceinfo
                0x0000000000000000       0x40 /Applications/Arduino.app/Contents/Java/hardware/tools/avr/bin/../lib/gcc/avr/7.3.0/../../../../avr/lib/avr35/crtatmega16u2.o

.note.gnu.build-id
 *(.note.gnu.build-id)

.debug
 *(.debug)

.line
 *(.line)

.debug_srcinfo
 *(.debug_srcinfo)

.debug_sfnames
 *(.debug_sfnames)

.debug_aranges  0x0000000000000000      0x2c0
 *(.debug_aranges)
 .debug_aranges
                0x0000000000000000       0x78 obj/Joystick.o
 .debug_aranges
                0x0000000000000078       0x20 obj/Descriptors.o
 .debug_aranges
                0x0000000000000098       0xc8 obj/EndpointStream_AVR8.o
 .debug_aranges
                0x0000000000000160       0x40 obj/Endpoint_AVR8.o
 .debug_aranges
                0x00000000000001a0       0x30 obj/USBController_AVR8.o
 .debug_aranges
                0x00000000000001d0       0x30 obj/USBInterrupt_AVR8.o
 .debug_aranges
                0x0000000000000200       0x20 obj/DeviceStandardReq.o
 .debug_aranges
                0x0000000000000220       0x20 obj/Events.o
 .debug_aranges
                0x0000000000000240       0x20 obj/USBTask.o
 .debug_aranges
                0x0000000000000260       0x20 /Applications/Arduino.app/Contents/Java/hardware/tools/avr/bin/../lib/gcc/avr/7.3.0/avr35/libgcc.a(_exit.o)
 .debug_aranges
                0x0000000000000280       0x20 /Applications/Arduino.app/Contents/Java/hardware/tools/avr/bin/../lib/gcc/avr/7.3.0/avr35/libgcc.a(_copy_data.o)
 .debug_aranges
                0x00000000000002a0       0x20 /Applications/Arduino.app/Contents/Java/hardware/tools/avr/bin/../lib/gcc/avr/7.3.0/avr35/libgcc.a(_clear_bss.o)

.debug_pubnames
 *(.debug_pubnames)

.debug_info     0x0000000000000000     0x5850
 *(.debug_info .gnu.linkonce.wi.*)
 .debug_info    0x0000000000000000      0x6ba /Applications/Arduino.app/Contents/Java/hardware/tools/avr/bin/../lib/gcc/avr/7.3.0/../../../../avr/lib/avr35/crtatmega16u2.o
 .debug_info    0x00000000000006ba      0xfc8 obj/Joystick.o
 .debug_info    0x0000000000001682      0x894 obj/Descriptors.o
 .debug_info    0x0000000000001f16     0x1821 obj/EndpointStream_AVR8.o
 .debug_info    0x0000000000003737      0x64a obj/Endpoint_AVR8.o
 .debug_info    0x0000000000003d81      0x4e7 obj/USBController_AVR8.o
 .debug_info    0x0000000000004268      0x651 obj/USBInterrupt_AVR8.o
 .debug_info    0x00000000000048b9      0xa6b obj/DeviceStandardReq.o
 .debug_info    0x0000000000005324       0x78 obj/Events.o
 .debug_info    0x000000000000539c      0x2a7 obj/USBTask.o
 .debug_info    0x0000000000005643       0xaf /Applications/Arduino.app/Contents/Java/hardware/tools/avr/bin/../lib/gcc/avr/7.3.0/avr35/libgcc.a(_exit.o)
 .debug_info    0x00000000000056f2       0xaf /Applications/Arduino.app/Contents/Java/hardware/tools/avr/bin/../lib/gcc/avr/7.3.0/avr35/libgcc.a(_copy_data.o)
 .debug_info    0x00000000000057a1       0xaf /Applications/Arduino.app/Contents/Java/hardware/tools/avr/bin/../lib/gcc/avr/7.3.0/avr35/libgcc.a(_clear_bss.o)

.debug_abbrev   0x0000000000000000     0x19a4
 *(.debug_abbrev)
 .debug_abbrev  0x0000000000000000      0x65d /Applications/Arduino.app/Contents/Java/hardware/tools/avr/bin/../lib/gcc/avr/7.3.0/../../../../avr/lib/avr35/crtatmega16u2.o
 .debug_abbrev  0x000000000000065d      0x498 obj/Joystick.o
 .debug_abbrev  0x0000000000000af5      0x1c8 obj/Descriptors.o
 .debug_abbrev  0x0000000000000cbd      0x20a obj/EndpointStream_AVR8.o
 .debug_abbrev  0x0000000000000ec7      0x251 obj/Endpoint_AVR8.o
 .debug_abbrev  0x0000000000001118      0x1a6 obj/USBController_AVR8.o
 .debug_abbrev  0x00000000000012be      0x1d2 obj/USBInterrupt_AVR8.o
 .debug_abbrev  0x0000000000001490      0x2fc obj/DeviceStandardReq.o
 .debug_abbrev  0x000000000000178c       0x44 obj/Events.o
 .debug_abbrev  0x00000000000017d0      0x198 obj/USBTask.o
 .debug_abbrev  0x0000000000001968       0x14 /Applications/Arduino.app/Contents/Java/hardware/tools/avr/bin/../lib/gcc/avr/7.3.0/avr35/libgcc.a(_exit.o)
 .debug_abbrev  0x000000000000197c       0x14 /Applications/Arduino.app/Contents/Java/hardware/tools/avr/bin/../lib/gcc/avr/7.3.0/avr35/libgcc.a(_copy_data.o)
 .debug_abbrev  0x0000000000001990       0x14 /Applications/Arduino.app/Contents/Java/hardware/tools/avr/bin/../lib/gcc/avr/7.3.0/avr35/libgcc.a(_clear_bss.o)

.debug_line     0x0000000000000000     0x3476
 *(.debug_line .debug_line.* .debug_line_end)
 .debug_line    0x0000000000000000       0x1a /Applications/Arduino.app/Contents/Java/hardware/tools/avr/bin/../lib/gcc/avr/7.3.0/../../../../avr/lib/avr35/crtatmega16u2.o
 .debug_line    0x000000000000001a      0x8c4 obj/Joystick.o
 .debug_line    0x00000000000008de      0x2b2 obj/Descriptors.o
 .debug_line    0x0000000000000b90     0x143c obj/EndpointStream_AVR8.o
 .debug_line    0x0000000000001fcc      0x4f6 obj/Endpoint_AVR8.o
 .debug_line    0x00000000000024c2      0x30d obj/USBController_AVR8.o
 .debug_line    0x00000000000027cf      0x42c obj/USBInterrupt_AVR8.o
 .debug_line    0x0000000000002bfb      0x4eb obj/DeviceStandardReq.o
 .debug_line    0x00000000000030e6       0x5f obj/Events.o
 .debug_line    0x0000000000003145      0x1b1 obj/USBTask.o
 .debug_line    0x00000000000032f6       0x62 /Applications/Arduino.app/Contents/Java/hardware/tools/avr/bin/../lib/gcc/avr/7.3.0/avr35/libgcc.a(_exit.o)
 .debug_line    0x0000000000003358       0x98 /Applications/Arduino.app/Contents/Java/hardware/tools/avr/bin/../lib/gcc/avr/7.3.0/avr35/libgcc.a(_copy_data.o)
 .debug_line    0x00000000000033f0       0x86 /Applications/Arduino.app/Contents/Java/hardware/tools/avr/bin/../lib/gcc/avr/7.3.0/avr35/libgcc.a(_clear_bss.o)

.debug_frame    0x0000000000000000      0x700
 *(.debug_frame)
 .debug_frame   0x0000000000000000      0x104 obj/Joystick.o
 .debug_frame   0x0000000000000104       0x24 obj/Descriptors.o
 .debug_frame   0x0000000000000128      0x404 obj/EndpointStream_AVR8.o
 .debug_frame   0x000000000000052c       0x78 obj/Endpoint_AVR8.o
 .debug_frame   0x00000000000005a4       0x44 obj/USBController_AVR8.o
 .debug_frame   0x00000000000005e8       0x8c obj/USBInterrupt_AVR8.o
 .debug_frame   0x0000000000000674       0x3c obj/DeviceStandardReq.o
 .debug_frame   0x00000000000006b0       0x24 obj/Events.o
 .debug_frame   0x00000000000006d4       0x2c obj/USBTask.o

.debug_str      0x0000000000000000     0x2213
 *(.debug_str)
 .debug_str     0x0000000000000000      0x262 /Applications/Arduino.app/Contents/Java/hardware/tools/avr/bin/../lib/gcc/avr/7.3.0/../../../../avr/lib/avr35/crtatmega16u2.o
 .debug_str     0x0000000000000262      0xa07 obj/Joystick.o
                                        0xa8a (size before relaxing)
 .debug_str     0x0000000000000c69      0x74e obj/Descriptors.o
                                        0xa5c (size before relaxing)
 .debug_str     0x00000000000013b7      0x42f obj/EndpointStream_AVR8.o
                                        0x8ff (size before relaxing)
 .debug_str     0x00000000000017e6      0x272 obj/Endpoint_AVR8.o
                                        0x6b3 (size before relaxing)
 .debug_str     0x0000000000001a58      0x1fb obj/USBController_AVR8.o
                                        0x5ae (size before relaxing)
 .debug_str     0x0000000000001c53       0xda obj/USBInterrupt_AVR8.o
                                        0x5aa (size before relaxing)
 .debug_str     0x0000000000001d2d      0x446 obj/DeviceStandardReq.o
                                        0xa07 (size before relaxing)
 .debug_str     0x0000000000002173       0x3b obj/Events.o
                                        0x1d0 (size before relaxing)
 .debug_str     0x00000000000021ae       0x65 obj/USBTask.o
                                        0x406 (size before relaxing)

.debug_loc      0x0000000000000000     0x3401
 *(.debug_loc)
 .debug_loc     0x0000000000000000      0x2fc obj/Joystick.o
 .debug_loc     0x00000000000002fc      0x281 obj/Descriptors.o
 .debug_loc     0x000000000000057d     0x240c obj/EndpointStream_AVR8.o
 .debug_loc     0x0000000000002989      0x422 obj/Endpoint_AVR8.o
 .debug_loc     0x0000000000002dab       0x79 obj/USBController_AVR8.o
 .debug_loc     0x0000000000002e24      0x270 obj/USBInterrupt_AVR8.o
 .debug_loc     0x0000000000003094      0x324 obj/DeviceStandardReq.o
 .debug_loc     0x00000000000033b8       0x49 obj/USBTask.o

.debug_macinfo
 *(.debug_macinfo)

.debug_weaknames
 *(.debug_weaknames)

.debug_funcnames
 *(.debug_funcnames)

.debug_typenames
 *(.debug_typenames)

.debug_varnames
 *(.debug_varnames)

.debug_pubtypes
 *(.debug_pubtypes)

.debug_ranges   0x0000000000000000      0x580
 *(.debug_ranges)
 .debug_ranges  0x0000000000000000       0x68 obj/Joystick.o
 .debug_ranges  0x0000000000000068       0x28 obj/Descriptors.o
 .debug_ranges  0x0000000000000090      0x238 obj/EndpointStream_AVR8.o
 .debug_ranges  0x00000000000002c8       0xe8 obj/Endpoint_AVR8.o
 .debug_ranges  0x00000000000003b0       0x20 obj/USBController_AVR8.o
 .debug_ranges  0x00000000000003d0       0x20 obj/USBInterrupt_AVR8.o
 .debug_ranges  0x00000000000003f0      0x128 obj/DeviceStandardReq.o
 .debug_ranges  0x0000000000000518       0x10 obj/Events.o
 .debug_ranges  0x0000000000000528       0x58 obj/USBTask.o

.debug_macro
 *(.debug_macro)
OUTPUT(Joystick.elf elf32-avr)
LOAD linker stubs

Cross Reference Table

Symbol                                            File
BControl                                          obj/Joystick.o
CALLBACK_HIDParser_FilterHIDReportItem            obj/HIDParser.o
CALLBACK_USB_GetDescriptor                        obj/Descriptors.o
                                                  obj/DeviceStandardReq.o
ConfigurationDescriptor                           obj/Descriptors.o
DeviceDescriptor                                  obj/Descriptors.o
EVENT_USB_Device_ConfigurationChanged             obj/Joystick.o
                                                  obj/DeviceStandardReq.o
EVENT_USB_Device_Connect                          obj/Joystick.o
                                                  obj/USBInterrupt_AVR8.o
EVENT_USB_Device_ControlRequest                   obj/Joystick.o
                                                  obj/DeviceStandardReq.o
EVENT_USB_Device_Disconnect                       obj/Joystick.o
                                                  obj/USBInterrupt_AVR8.o
EVENT_USB_Device_Reset                            obj/Events.o
                                                  obj/USBInterrupt_AVR8.o
EVENT_USB_Device_StartOfFrame                     obj/Events.o
                                                  obj/USBInterrupt_AVR8.o
EVENT_USB_Device_Suspend                          obj/Events.o
EVENT_USB_Device_WakeUp                           obj/Events.o
Endpoint_ClearEndpoints                           obj/Endpoint_AVR8.o
Endpoint_ClearStatusStage                         obj/Endpoint_AVR8.o
                                                  obj/DeviceStandardReq.o
Endpoint_ConfigureEndpointTable                   obj/Endpoint_AVR8.o
Endpoint_ConfigureEndpoint_Prv                    obj/Endpoint_AVR8.o
                                                  obj/USBInterrupt_AVR8.o
                                                  obj/USBController_AVR8.o
                                                  obj/Joystick.o
Endpoint_Discard_Stream                           obj/EndpointStream_AVR8.o
Endpoint_Null_Stream                              obj/EndpointStream_AVR8.o
Endpoint_Read_Control_EStream_BE                  obj/EndpointStream_AVR8.o
Endpoint_Read_Control_EStream_LE                  obj/EndpointStream_AVR8.o
Endpoint_Read_Control_Stream_BE                   obj/EndpointStream_AVR8.o
Endpoint_Read_Control_Stream_LE                   obj/EndpointStream_AVR8.o
Endpoint_Read_EStream_BE                          obj/EndpointStream_AVR8.o
Endpoint_Read_EStream_LE                          obj/EndpointStream_AVR8.o
Endpoint_Read_Stream_BE                           obj/EndpointStream_AVR8.o
Endpoint_Read_Stream_LE                           obj/EndpointStream_AVR8.o
                                                  obj/Joystick.o
Endpoint_WaitUntilReady                           obj/Endpoint_AVR8.o
                                                  obj/EndpointStream_AVR8.o
Endpoint_Write_Control_EStream_BE                 obj/EndpointStream_AVR8.o
Endpoint_Write_Control_EStream_LE                 obj/EndpointStream_AVR8.o
Endpoint_Write_Control_PStream_BE                 obj/EndpointStream_AVR8.o
Endpoint_Write_Control_PStream_LE                 obj/EndpointStream_AVR8.o
                                                  obj/DeviceStandardReq.o
Endpoint_Write_Control_Stream_BE                  obj/EndpointStream_AVR8.o
Endpoint_Write_Control_Stream_LE                  obj/EndpointStream_AVR8.o
                                                  obj/DeviceStandardReq.o
Endpoint_Write_EStream_BE                         obj/EndpointStream_AVR8.o
Endpoint_Write_EStream_LE                         obj/EndpointStream_AVR8.o
Endpoint_Write_PStream_BE                         obj/EndpointStream_AVR8.o
Endpoint_Write_PStream_LE                         obj/EndpointStream_AVR8.o
Endpoint_Write_Stream_BE                          obj/EndpointStream_AVR8.o
Endpoint_Write_Stream_LE                          obj/EndpointStream_AVR8.o
                                                  obj/Joystick.o
GenerateReport                                    obj/Joystick.o
JoystickReport                                    obj/Descriptors.o
LEDoff                                            obj/Joystick.o
LEDon                                             obj/Joystick.o
LanguageString                                    obj/Descriptors.o
ManufacturerString                                obj/Descriptors.o
My_HID_Task                                       obj/Joystick.o
ProductString                                     obj/Descriptors.o
SetupHardware                                     obj/Joystick.o
USART_Init                                        obj/Joystick.o
USB_ControlRequest                                obj/USBTask.o
                                                  obj/DeviceStandardReq.o
                                                  obj/Endpoint_AVR8.o
                                                  obj/EndpointStream_AVR8.o
USB_DeviceState                                   obj/USBTask.o
                                                  obj/DeviceStandardReq.o
                                                  obj/USBInterrupt_AVR8.o
                                                  obj/USBController_AVR8.o
                                                  obj/Endpoint_AVR8.o
                                                  obj/EndpointStream_AVR8.o
                                                  obj/Joystick.o
USB_Device_ConfigurationNumber                    obj/DeviceStandardReq.o
                                                  obj/USBInterrupt_AVR8.o
                                                  obj/USBController_AVR8.o
USB_Device_CurrentlySelfPowered                   obj/DeviceStandardReq.o
                                                  obj/USBController_AVR8.o
USB_Device_ProcessControlRequest                  obj/DeviceStandardReq.o
                                                  obj/USBTask.o
USB_Device_RemoteWakeupEnabled                    obj/DeviceStandardReq.o
                                                  obj/USBController_AVR8.o
USB_Device_SendRemoteWakeup                       obj/Device_AVR8.o
USB_Disable                                       obj/USBController_AVR8.o
USB_Event_Stub                                    obj/Events.o
USB_GetHIDReportItemInfo                          obj/HIDParser.o
USB_GetHIDReportSize                              obj/HIDParser.o
USB_GetNextDescriptorComp                         obj/ConfigDescriptors.o
USB_GetNextDescriptorOfType                       obj/ConfigDescriptors.o
USB_GetNextDescriptorOfTypeAfter                  obj/ConfigDescriptors.o
USB_GetNextDescriptorOfTypeBefore                 obj/ConfigDescriptors.o
USB_INT_ClearAllInterrupts                        obj/USBInterrupt_AVR8.o
                                                  obj/USBController_AVR8.o
USB_INT_DisableAllInterrupts                      obj/USBInterrupt_AVR8.o
                                                  obj/USBController_AVR8.o
USB_Init                                          obj/USBController_AVR8.o
                                                  obj/Joystick.o
USB_IsInitialized                                 obj/USBTask.o
                                                  obj/USBController_AVR8.o
USB_ProcessHIDReport                              obj/HIDParser.o
USB_ResetInterface                                obj/USBController_AVR8.o
USB_SetHIDReportItemInfo                          obj/HIDParser.o
USB_USBTask                                       obj/USBTask.o
                                                  obj/EndpointStream_AVR8.o
                                                  obj/Joystick.o
__FUSE_REGION_LENGTH__                            /Applications/Arduino.app/Contents/Java/hardware/tools/avr/bin/../lib/gcc/avr/7.3.0/../../../../avr/lib/avr35/crtatmega16u2.o
__bad_interrupt                                   /Applications/Arduino.app/Contents/Java/hardware/tools/avr/bin/../lib/gcc/avr/7.3.0/../../../../avr/lib/avr35/crtatmega16u2.o
__bss_end                                         /Applications/Arduino.app/Contents/Java/hardware/tools/avr/bin/../lib/gcc/avr/7.3.0/avr35/libgcc.a(_clear_bss.o)
__bss_start                                       /Applications/Arduino.app/Contents/Java/hardware/tools/avr/bin/../lib/gcc/avr/7.3.0/avr35/libgcc.a(_clear_bss.o)
__data_end                                        /Applications/Arduino.app/Contents/Java/hardware/tools/avr/bin/../lib/gcc/avr/7.3.0/avr35/libgcc.a(_copy_data.o)
__data_load_start                                 /Applications/Arduino.app/Contents/Java/hardware/tools/avr/bin/../lib/gcc/avr/7.3.0/avr35/libgcc.a(_copy_data.o)
__data_start                                      /Applications/Arduino.app/Contents/Java/hardware/tools/avr/bin/../lib/gcc/avr/7.3.0/avr35/libgcc.a(_copy_data.o)
__do_clear_bss                                    /Applications/Arduino.app/Contents/Java/hardware/tools/avr/bin/../lib/gcc/avr/7.3.0/avr35/libgcc.a(_clear_bss.o)
                                                  obj/USBTask.o
                                                  obj/DeviceStandardReq.o
                                                  obj/Joystick.o
__do_copy_data                                    /Applications/Arduino.app/Contents/Java/hardware/tools/avr/bin/../lib/gcc/avr/7.3.0/avr35/libgcc.a(_copy_data.o)
                                                  obj/Joystick.o
__heap_end                                        /Applications/Arduino.app/Contents/Java/hardware/tools/avr/bin/../lib/gcc/avr/7.3.0/../../../../avr/lib/avr35/crtatmega16u2.o
__init                                            /Applications/Arduino.app/Contents/Java/hardware/tools/avr/bin/../lib/gcc/avr/7.3.0/../../../../avr/lib/avr35/crtatmega16u2.o
__mulhi3                                          /Applications/Arduino.app/Contents/Java/hardware/tools/avr/bin/../lib/gcc/avr/7.3.0/avr35/libgcc.a(_mulhi3.o)
                                                  obj/HIDParser.o
__stack                                           /Applications/Arduino.app/Contents/Java/hardware/tools/avr/bin/../lib/gcc/avr/7.3.0/../../../../avr/lib/avr35/crtatmega16u2.o
__vector_1                                        /Applications/Arduino.app/Contents/Java/hardware/tools/avr/bin/../lib/gcc/avr/7.3.0/../../../../avr/lib/avr35/crtatmega16u2.o
__vector_10                                       /Applications/Arduino.app/Contents/Java/hardware/tools/avr/bin/../lib/gcc/avr/7.3.0/../../../../avr/lib/avr35/crtatmega16u2.o
__vector_11                                       obj/USBInterrupt_AVR8.o
                                                  /Applications/Arduino.app/Contents/Java/hardware/tools/avr/bin/../lib/gcc/avr/7.3.0/../../../../avr/lib/avr35/crtatmega16u2.o
__vector_12                                       /Applications/Arduino.app/Contents/Java/hardware/tools/avr/bin/../lib/gcc/avr/7.3.0/../../../../avr/lib/avr35/crtatmega16u2.o
__vector_13                                       /Applications/Arduino.app/Contents/Java/hardware/tools/avr/bin/../lib/gcc/avr/7.3.0/../../../../avr/lib/avr35/crtatmega16u2.o
__vector_14                                       /Applications/Arduino.app/Contents/Java/hardware/tools/avr/bin/../lib/gcc/avr/7.3.0/../../../../avr/lib/avr35/crtatmega16u2.o
__vector_15                                       /Applications/Arduino.app/Contents/Java/hardware/tools/avr/bin/../lib/gcc/avr/7.3.0/../../../../avr/lib/avr35/crtatmega16u2.o
__vector_16                                       /Applications/Arduino.app/Contents/Java/hardware/tools/avr/bin/../lib/gcc/avr/7.3.0/../../../../avr/lib/avr35/crtatmega16u2.o
__vector_17                                       /Applications/Arduino.app/Contents/Java/hardware/tools/avr/bin/../lib/gcc/avr/7.3.0/../../../../avr/lib/avr35/crtatmega16u2.o
__vector_18                                       /Applications/Arduino.app/Contents/Java/hardware/tools/avr/bin/../lib/gcc/avr/7.3.0/../../../../avr/lib/avr35/crtatmega16u2.o
__vector_19                                       /Applications/Arduino.app/Contents/Java/hardware/tools/avr/bin/../lib/gcc/avr/7.3.0/../../../../avr/lib/avr35/crtatmega16u2.o
__vector_2                                        /Applications/Arduino.app/Contents/Java/hardware/tools/avr/bin/../lib/gcc/avr/7.3.0/../../../../avr/lib/avr35/crtatmega16u2.o
__vector_20                                       /Applications/Arduino.app/Contents/Java/hardware/tools/avr/bin/../lib/gcc/avr/7.3.0/../../../../avr/lib/avr35/crtatmega16u2.o
__vector_21                                       /Applications/Arduino.app/Contents/Java/hardware/tools/avr/bin/../lib/gcc/avr/7.3.0/../../../../avr/lib/avr35/crtatmega16u2.o
__vector_22                                       /Applications/Arduino.app/Contents/Java/hardware/tools/avr/bin/../lib/gcc/avr/7.3.0/../../../../avr/lib/avr35/crtatmega16u2.o
__vector_23                                       /Applications/Arduino.app/Contents/Java/hardware/tools/avr/bin/../lib/gcc/avr/7.3.0/../../../../avr/lib/avr35/crtatmega16u2.o
__vector_24                                       /Applications/Arduino.app/Contents/Java/hardware/tools/avr/bin/../lib/gcc/avr/7.3.0/../../../../avr/lib/avr35/crtatmega16u2.o
__vector_25                                       /Applications/Arduino.app/Contents/Java/hardware/tools/avr/bin/../lib/gcc/avr/7.3.0/../../../../avr/lib/avr35/crtatmega16u2.o
__vector_26                                       /Applications/Arduino.app/Contents/Java/hardware/tools/avr/bin/../lib/gcc/avr/7.3.0/../../../../avr/lib/avr35/crtatmega16u2.o
__vector_27                                       /Applications/Arduino.app/Contents/Java/hardware/tools/avr/bin/../lib/gcc/avr/7.3.0/../../../../avr/lib/avr35/crtatmega16u2.o
__vector_28                                       /Applications/Arduino.app/Contents/Java/hardware/tools/avr/bin/../lib/gcc/avr/7.3.0/../../../../avr/lib/avr35/crtatmega16u2.o
__vector_3                                        /Applications/Arduino.app/Contents/Java/hardware/tools/avr/bin/../lib/gcc/avr/7.3.0/../../../../avr/lib/avr35/crtatmega16u2.o
__vector_4                                        /Applications/Arduino.app/Contents/Java/hardware/tools/avr/bin/../lib/gcc/avr/7.3.0/../../../../avr/lib/avr35/crtatmega16u2.o
__vector_5                                        /Applications/Arduino.app/Contents/Java/hardware/tools/avr/bin/../lib/gcc/avr/7.3.0/../../../../avr/lib/avr35/crtatmega16u2.o
__vector_6                                        /Applications/Arduino.app/Contents/Java/hardware/tools/avr/bin/../lib/gcc/avr/7.3.0/../../../../avr/lib/avr35/crtatmega16u2.o
__vector_7                                        /Applications/Arduino.app/Contents/Java/hardware/tools/avr/bin/../lib/gcc/avr/7.3.0/../../../../avr/lib/avr35/crtatmega16u2.o
__vector_8                                        /Applications/Arduino.app/Contents/Java/hardware/tools/avr/bin/../lib/gcc/avr/7.3.0/../../../../avr/lib/avr35/crtatmega16u2.o
__vector_9                                        /Applications/Arduino.app/Contents/Java/hardware/tools/avr/bin/../lib/gcc/avr/7.3.0/../../../../avr/lib/avr35/crtatmega16u2.o
__vector_default                                  /Applications/Arduino.app/Contents/Java/hardware/tools/avr/bin/../lib/gcc/avr/7.3.0/../../../../avr/lib/avr35/crtatmega16u2.o
__vectors                                         /Applications/Arduino.app/Contents/Java/hardware/tools/avr/bin/../lib/gcc/avr/7.3.0/../../../../avr/lib/avr35/crtatmega16u2.o
_exit                                             /Applications/Arduino.app/Contents/Java/hardware/tools/avr/bin/../lib/gcc/avr/7.3.0/avr35/libgcc.a(_exit.o)
buttonData1                                       obj/Joystick.o
buttonData2                                       obj/Joystick.o
buttonData3                                       obj/Joystick.o
dataToSend                                        obj/Joystick.o
echoes                                            obj/Joystick.o
eeprom_read_byte                                  /Applications/Arduino.app/Contents/Java/hardware/tools/avr/bin/../lib/gcc/avr/7.3.0/../../../../avr/lib/avr35/libatmega16u2.a(eerd_byte.o)
                                                  obj/EndpointStream_AVR8.o
eeprom_update_byte                                /Applications/Arduino.app/Contents/Java/hardware/tools/avr/bin/../lib/gcc/avr/7.3.0/../../../../avr/lib/avr35/libatmega16u2.a(eeupd_byte.o)
                                                  obj/EndpointStream_AVR8.o
eeprom_update_r18                                 /Applications/Arduino.app/Contents/Java/hardware/tools/avr/bin/../lib/gcc/avr/7.3.0/../../../../avr/lib/avr35/libatmega16u2.a(eeupd_byte.o)
exit                                              /Applications/Arduino.app/Contents/Java/hardware/tools/avr/bin/../lib/gcc/avr/7.3.0/avr35/libgcc.a(_exit.o)
                                                  /Applications/Arduino.app/Contents/Java/hardware/tools/avr/bin/../lib/gcc/avr/7.3.0/../../../../avr/lib/avr35/crtatmega16u2.o
flushSerialRead                                   obj/Joystick.o
last_report                                       obj/Joystick.o
main                                              obj/Joystick.o
                                                  /Applications/Arduino.app/Contents/Java/hardware/tools/avr/bin/../lib/gcc/avr/7.3.0/../../../../avr/lib/avr35/crtatmega16u2.o
portsval                                          obj/Joystick.o
report_count                                      obj/Joystick.o
serialRead                                        obj/Joystick.o
serialWrite                                       obj/Joystick.o
state                                             obj/Joystick.o
xpos                                              obj/Joystick.o
ypos                                              obj/Joystick.o
